// Jest Snapshot v1, https://goo.gl/fbAQLP

exports[`should render Home page correctly 1`] = `
<Component
  pageTitle="bruh"
>
  <p />
</Component>
`;
