// Jest Snapshot v1, https://goo.gl/fbAQLP

exports[`should render Layout correctly 1`] = `
<div
  className="container"
>
  <Component
    title="Some Title"
  />
  <Head>
    <title>
      Some Title
    </title>
  </Head>
  <p>
    content here
  </p>
</div>
`;
